GitReins guard run log — full output (the console summary is bounded)
run_utc: 2026-09-23T22:39:44Z
workdir: /tmp/dogfood-gitreins/go-f2
test_mode: full
test_targets: all (full mode)
overall: PASS
guards: 4 (0 failed, 0 skipped)
diagnostics:
  first_failing_test: none detected
  secrets_scanners: clean (builtin cross-check; gitleaks not on PATH)

==============================================================================
[PASS] secrets  passed=true  exit_code=n/a
==============================================================================
--- output (untruncated) ---
Scanned 4 files — clean (excluded harness state: .gitreins/**)

==============================================================================
[PASS] go_build  passed=true  exit_code=n/a
==============================================================================
--- output (untruncated) ---
go build: ok

==============================================================================
[PASS] go_lint  passed=true  exit_code=n/a
==============================================================================
--- output (untruncated) ---
go vet: clean

==============================================================================
[PASS] go_tests  passed=true  exit_code=n/a
==============================================================================
--- output (untruncated) ---
?   	example.com/f2/internal/quota	[no test files]
