GitReins guard run log — full output (the console summary is bounded)
run_utc: 2026-09-23T22:39:45Z
workdir: /tmp/dogfood-gitreins/go-f2
test_mode: full
test_targets: all (whole tree)
overall: PASS
guards: 4 (0 failed, 0 skipped)
diagnostics:
  first_failing_test: none detected
  secrets_scanners: clean (gitleaks + builtin cross-check)

==============================================================================
[PASS] secrets  passed=true  exit_code=n/a
==============================================================================
--- output (untruncated) ---
gitleaks: clean

==============================================================================
[PASS] go_build  passed=true  exit_code=n/a
==============================================================================
--- output (untruncated) ---
No Go files staged

==============================================================================
[PASS] go_lint  passed=true  exit_code=n/a
==============================================================================
--- output (untruncated) ---
No Go files staged

==============================================================================
[PASS] go_tests  passed=true  exit_code=n/a
==============================================================================
--- output (untruncated) ---
No Go files staged
