GitReins guard run log — full output (the console summary is bounded)
run_utc: 2026-09-23T22:39:14Z
workdir: /tmp/dogfood-gitreins/go-f1
test_mode: full
test_targets: all (full mode)
overall: FAIL
guards: 4 (3 failed, 0 skipped)
diagnostics:
  first_failing_test: none detected
  secrets_scanners: clean (gitleaks + builtin cross-check)

==============================================================================
[FAIL] go_build  passed=false  exit_code=n/a
==============================================================================
--- output (untruncated) ---
# example.com/f1/internal/quota
internal/quota/broken.go:3:28: cannot use "not an int" (untyped string constant) as int value in return statement

==============================================================================
[FAIL] go_lint  passed=false  exit_code=n/a
==============================================================================
--- output (untruncated) ---
# example.com/f1/internal/quota
vet: internal/quota/broken.go:3:28: cannot use "not an int" (untyped string constant) as int value in return statement

==============================================================================
[FAIL] go_tests  passed=false  exit_code=n/a
==============================================================================
--- output (untruncated) ---
# example.com/f1/internal/quota
internal/quota/broken.go:3:28: cannot use "not an int" (untyped string constant) as int value in return statement
FAIL	example.com/f1/internal/quota [build failed]
FAIL

==============================================================================
[PASS] secrets  passed=true  exit_code=n/a
==============================================================================
--- output (untruncated) ---
gitleaks: clean
